{"variant": "mock", "n": 67, "viewport": "1280x800", "scale": 1, "op": "zoom", "frames": 378, "interval_median": 15.3, "rel_drop_ratio": 0.0688, "dropped": 4, "drop_ratio": 0.0106, "work_p95": 0.3, "work_max": 0.7, "longtasks": 0, "ok": false}
{"variant": "mock", "n": 67, "viewport": "1280x800", "scale": 1, "op": "rotate", "frames": 614, "interval_median": 7.7, "rel_drop_ratio": 0.0065, "dropped": 0, "drop_ratio": 0.0, "work_p95": 0.3, "work_max": 0.5, "longtasks": 0, "ok": true}
{"variant": "mock", "n": 67, "viewport": "1280x800", "scale": 1, "op": "press", "frames": 554, "interval_median": 7.7, "rel_drop_ratio": 0.0957, "dropped": 0, "drop_ratio": 0.0, "work_p95": 0.4, "work_max": 11.7, "longtasks": 0, "ok": true}
{"variant": "mock", "n": 67, "viewport": "1280x800", "scale": 2, "op": "zoom", "frames": 287, "interval_median": 15.4, "rel_drop_ratio": 0.1638, "dropped": 17, "drop_ratio": 0.0592, "work_p95": 0.3, "work_max": 0.6, "longtasks": 0, "ok": false}
{"variant": "mock", "n": 67, "viewport": "1280x800", "scale": 2, "op": "rotate", "frames": 323, "interval_median": 15.4, "rel_drop_ratio": 0.0495, "dropped": 6, "drop_ratio": 0.0186, "work_p95": 0.3, "work_max": 0.5, "longtasks": 0, "ok": false}
{"variant": "mock", "n": 67, "viewport": "1280x800", "scale": 2, "op": "press", "frames": 388, "interval_median": 7.8, "rel_drop_ratio": 0.4485, "dropped": 9, "drop_ratio": 0.0232, "work_p95": 0.3, "work_max": 11.4, "longtasks": 0, "ok": false}
{"variant": "mock", "n": 67, "viewport": "1920x1080", "scale": 1, "op": "zoom", "frames": 382, "interval_median": 15.3, "rel_drop_ratio": 0.0419, "dropped": 1, "drop_ratio": 0.0026, "work_p95": 0.3, "work_max": 0.6, "longtasks": 0, "ok": true}
{"variant": "mock", "n": 67, "viewport": "1920x1080", "scale": 1, "op": "rotate", "frames": 550, "interval_median": 7.7, "rel_drop_ratio": 0.1218, "dropped": 0, "drop_ratio": 0.0, "work_p95": 0.3, "work_max": 15.9, "longtasks": 0, "ok": true}
{"variant": "mock", "n": 67, "viewport": "1920x1080", "scale": 1, "op": "press", "frames": 595, "interval_median": 7.7, "rel_drop_ratio": 0.0134, "dropped": 1, "drop_ratio": 0.0017, "work_p95": 0.3, "work_max": 1, "longtasks": 0, "ok": true}
{"variant": "mock", "n": 67, "viewport": "1920x1080", "scale": 2, "op": "zoom", "frames": 277, "interval_median": 15.4, "rel_drop_ratio": 0.1552, "dropped": 16, "drop_ratio": 0.0578, "work_p95": 0.4, "work_max": 0.6, "longtasks": 0, "ok": false}
{"variant": "mock", "n": 67, "viewport": "1920x1080", "scale": 2, "op": "rotate", "frames": 311, "interval_median": 15.4, "rel_drop_ratio": 0.0675, "dropped": 12, "drop_ratio": 0.0386, "work_p95": 0.3, "work_max": 0.5, "longtasks": 0, "ok": false}
{"variant": "mock", "n": 67, "viewport": "1920x1080", "scale": 2, "op": "press", "frames": 513, "interval_median": 7.7, "rel_drop_ratio": 0.1813, "dropped": 1, "drop_ratio": 0.0019, "work_p95": 0.4, "work_max": 10.6, "longtasks": 0, "ok": true}
{"variant": "mock", "n": 150, "viewport": "1280x800", "scale": 1, "op": "zoom", "frames": 174, "interval_median": 30.7, "rel_drop_ratio": 0.0632, "dropped": 90, "drop_ratio": 0.5172, "work_p95": 0.7, "work_max": 0.8, "longtasks": 4, "ok": false}
{"variant": "mock", "n": 150, "viewport": "1280x800", "scale": 1, "op": "rotate", "frames": 211, "interval_median": 23.1, "rel_drop_ratio": 0.0853, "dropped": 54, "drop_ratio": 0.2559, "work_p95": 0.6, "work_max": 0.8, "longtasks": 0, "ok": false}
{"variant": "mock", "n": 150, "viewport": "1280x800", "scale": 1, "op": "press", "frames": 351, "interval_median": 7.8, "rel_drop_ratio": 0.4274, "dropped": 27, "drop_ratio": 0.0769, "work_p95": 0.7, "work_max": 13.8, "longtasks": 0, "ok": false}
{"variant": "mock", "n": 150, "viewport": "1280x800", "scale": 2, "op": "zoom", "frames": 147, "interval_median": 30.9, "rel_drop_ratio": 0.102, "dropped": 111, "drop_ratio": 0.7551, "work_p95": 0.8, "work_max": 1.1, "longtasks": 16, "ok": false}
{"variant": "mock", "n": 150, "viewport": "1280x800", "scale": 2, "op": "rotate", "frames": 156, "interval_median": 30.8, "rel_drop_ratio": 0.0769, "dropped": 110, "drop_ratio": 0.7051, "work_p95": 0.6, "work_max": 0.8, "longtasks": 13, "ok": false}
{"variant": "mock", "n": 150, "viewport": "1280x800", "scale": 2, "op": "press", "frames": 130, "interval_median": 30.9, "rel_drop_ratio": 0.1385, "dropped": 114, "drop_ratio": 0.8769, "work_p95": 0.7, "work_max": 12.6, "longtasks": 17, "ok": false}
{"variant": "mock", "n": 150, "viewport": "1920x1080", "scale": 1, "op": "zoom", "frames": 181, "interval_median": 30.7, "rel_drop_ratio": 0.0552, "dropped": 95, "drop_ratio": 0.5249, "work_p95": 0.7, "work_max": 1, "longtasks": 3, "ok": false}
{"variant": "mock", "n": 150, "viewport": "1920x1080", "scale": 1, "op": "rotate", "frames": 214, "interval_median": 23.1, "rel_drop_ratio": 0.0748, "dropped": 43, "drop_ratio": 0.2009, "work_p95": 0.6, "work_max": 13.8, "longtasks": 2, "ok": false}
{"variant": "mock", "n": 150, "viewport": "1920x1080", "scale": 1, "op": "press", "frames": 575, "interval_median": 7.7, "rel_drop_ratio": 0.0504, "dropped": 4, "drop_ratio": 0.007, "work_p95": 0.8, "work_max": 1.4, "longtasks": 0, "ok": true}
{"variant": "mock", "n": 150, "viewport": "1920x1080", "scale": 2, "op": "zoom", "frames": 146, "interval_median": 30.8, "rel_drop_ratio": 0.1164, "dropped": 112, "drop_ratio": 0.7671, "work_p95": 0.6, "work_max": 1, "longtasks": 16, "ok": false}
{"variant": "mock", "n": 150, "viewport": "1920x1080", "scale": 2, "op": "rotate", "frames": 117, "interval_median": 38.5, "rel_drop_ratio": 0.1538, "dropped": 105, "drop_ratio": 0.8974, "work_p95": 0.6, "work_max": 0.7, "longtasks": 26, "ok": false}
{"variant": "mock", "n": 150, "viewport": "1920x1080", "scale": 2, "op": "press", "frames": 415, "interval_median": 7.7, "rel_drop_ratio": 0.2361, "dropped": 32, "drop_ratio": 0.0771, "work_p95": 0.8, "work_max": 14, "longtasks": 2, "ok": false}
{"variant": "mock", "n": 300, "viewport": "1280x800", "scale": 1, "op": "zoom", "frames": 113, "interval_median": 38.6, "rel_drop_ratio": 0.1593, "dropped": 93, "drop_ratio": 0.823, "work_p95": 1.4, "work_max": 14.2, "longtasks": 33, "ok": false}
{"variant": "mock", "n": 300, "viewport": "1280x800", "scale": 1, "op": "rotate", "frames": 84, "interval_median": 53.9, "rel_drop_ratio": 0.2381, "dropped": 84, "drop_ratio": 1.0, "work_p95": 1.2, "work_max": 1.3, "longtasks": 55, "ok": false}
{"variant": "mock", "n": 300, "viewport": "1280x800", "scale": 1, "op": "press", "frames": 111, "interval_median": 38.6, "rel_drop_ratio": 0.1802, "dropped": 102, "drop_ratio": 0.9189, "work_p95": 1.4, "work_max": 1.7, "longtasks": 31, "ok": false}
{"variant": "mock", "n": 300, "viewport": "1280x800", "scale": 2, "op": "zoom", "frames": 71, "interval_median": 61.6, "rel_drop_ratio": 0.338, "dropped": 61, "drop_ratio": 0.8592, "work_p95": 1.6, "work_max": 15.2, "longtasks": 56, "ok": false}
{"variant": "mock", "n": 300, "viewport": "1280x800", "scale": 2, "op": "rotate", "frames": 96, "interval_median": 53.8, "rel_drop_ratio": 0.0208, "dropped": 82, "drop_ratio": 0.8542, "work_p95": 1.3, "work_max": 1.4, "longtasks": 62, "ok": false}
{"variant": "mock", "n": 300, "viewport": "1280x800", "scale": 2, "op": "press", "frames": 64, "interval_median": 69.2, "rel_drop_ratio": 0.1406, "dropped": 64, "drop_ratio": 1.0, "work_p95": 1.4, "work_max": 1.6, "longtasks": 59, "ok": false}
{"variant": "mock", "n": 300, "viewport": "1920x1080", "scale": 1, "op": "zoom", "frames": 114, "interval_median": 46.1, "rel_drop_ratio": 0.1228, "dropped": 94, "drop_ratio": 0.8246, "work_p95": 1.4, "work_max": 12.1, "longtasks": 28, "ok": false}
{"variant": "mock", "n": 300, "viewport": "1920x1080", "scale": 1, "op": "rotate", "frames": 108, "interval_median": 46.0, "rel_drop_ratio": 0.1574, "dropped": 105, "drop_ratio": 0.9722, "work_p95": 1.1, "work_max": 1.5, "longtasks": 26, "ok": false}
{"variant": "mock", "n": 300, "viewport": "1920x1080", "scale": 1, "op": "press", "frames": 340, "interval_median": 7.8, "rel_drop_ratio": 0.4029, "dropped": 35, "drop_ratio": 0.1029, "work_p95": 1.2, "work_max": 2.1, "longtasks": 2, "ok": false}
{"variant": "mock", "n": 300, "viewport": "1920x1080", "scale": 2, "op": "zoom", "frames": 77, "interval_median": 61.5, "rel_drop_ratio": 0.2857, "dropped": 61, "drop_ratio": 0.7922, "work_p95": 1.4, "work_max": 10.6, "longtasks": 55, "ok": false}
{"variant": "mock", "n": 300, "viewport": "1920x1080", "scale": 2, "op": "rotate", "frames": 69, "interval_median": 76.8, "rel_drop_ratio": 0.0, "dropped": 69, "drop_ratio": 1.0, "work_p95": 1.3, "work_max": 1.6, "longtasks": 61, "ok": false}
{"variant": "mock", "n": 300, "viewport": "1920x1080", "scale": 2, "op": "press", "frames": 268, "interval_median": 7.7, "rel_drop_ratio": 0.2799, "dropped": 67, "drop_ratio": 0.25, "work_p95": 1.3, "work_max": 1.7, "longtasks": 27, "ok": false}
{"variant": "mock", "n": 600, "viewport": "1280x800", "scale": 1, "op": "zoom", "frames": 80, "interval_median": 61.5, "rel_drop_ratio": 0.2125, "dropped": 69, "drop_ratio": 0.8625, "work_p95": 3.2, "work_max": 18.6, "longtasks": 53, "ok": false}
{"variant": "mock", "n": 600, "viewport": "1280x800", "scale": 1, "op": "rotate", "frames": 178, "interval_median": 23.1, "rel_drop_ratio": 0.2865, "dropped": 79, "drop_ratio": 0.4438, "work_p95": 2.5, "work_max": 2.9, "longtasks": 16, "ok": false}
{"variant": "mock", "n": 600, "viewport": "1280x800", "scale": 1, "op": "press", "frames": 81, "interval_median": 53.9, "rel_drop_ratio": 0.2222, "dropped": 72, "drop_ratio": 0.8889, "work_p95": 2.6, "work_max": 3, "longtasks": 53, "ok": false}
{"variant": "mock", "n": 600, "viewport": "1280x800", "scale": 2, "op": "zoom", "frames": 40, "interval_median": 161.6, "rel_drop_ratio": 0.0, "dropped": 31, "drop_ratio": 0.775, "work_p95": 3.4, "work_max": 15.3, "longtasks": 30, "ok": false}
{"variant": "mock", "n": 600, "viewport": "1280x800", "scale": 2, "op": "rotate", "frames": 39, "interval_median": 161.7, "rel_drop_ratio": 0.0, "dropped": 39, "drop_ratio": 1.0, "work_p95": 3.1, "work_max": 3.6, "longtasks": 40, "ok": false}
{"variant": "mock", "n": 600, "viewport": "1280x800", "scale": 2, "op": "press", "frames": 37, "interval_median": 161.6, "rel_drop_ratio": 0.0, "dropped": 37, "drop_ratio": 1.0, "work_p95": 2.9, "work_max": 3.1, "longtasks": 38, "ok": false}
{"variant": "mock", "n": 600, "viewport": "1920x1080", "scale": 1, "op": "zoom", "frames": 64, "interval_median": 76.9, "rel_drop_ratio": 0.25, "dropped": 51, "drop_ratio": 0.7969, "work_p95": 3, "work_max": 12.3, "longtasks": 50, "ok": false}
{"variant": "mock", "n": 600, "viewport": "1920x1080", "scale": 1, "op": "rotate", "frames": 48, "interval_median": 100.0, "rel_drop_ratio": 0.2917, "dropped": 48, "drop_ratio": 1.0, "work_p95": 2.4, "work_max": 2.5, "longtasks": 49, "ok": false}
{"variant": "mock", "n": 600, "viewport": "1920x1080", "scale": 1, "op": "press", "frames": 184, "interval_median": 7.8, "rel_drop_ratio": 0.4565, "dropped": 74, "drop_ratio": 0.4022, "work_p95": 2.8, "work_max": 3.8, "longtasks": 38, "ok": false}
{"variant": "mock", "n": 600, "viewport": "1920x1080", "scale": 2, "op": "zoom", "frames": 40, "interval_median": 165.4, "rel_drop_ratio": 0.0, "dropped": 35, "drop_ratio": 0.875, "work_p95": 4.2, "work_max": 14.5, "longtasks": 31, "ok": false}
{"variant": "mock", "n": 600, "viewport": "1920x1080", "scale": 2, "op": "rotate", "frames": 39, "interval_median": 169.2, "rel_drop_ratio": 0.0, "dropped": 39, "drop_ratio": 1.0, "work_p95": 2.8, "work_max": 3.2, "longtasks": 41, "ok": false}
{"variant": "mock", "n": 600, "viewport": "1920x1080", "scale": 2, "op": "press", "frames": 183, "interval_median": 7.7, "rel_drop_ratio": 0.2131, "dropped": 32, "drop_ratio": 0.1749, "work_p95": 2.8, "work_max": 3.4, "longtasks": 32, "ok": false}
{"variant": "mock", "n": 1000, "viewport": "1280x800", "scale": 1, "op": "zoom", "frames": 76, "interval_median": 53.8, "rel_drop_ratio": 0.2237, "dropped": 61, "drop_ratio": 0.8026, "work_p95": 6.4, "work_max": 20.7, "longtasks": 41, "ok": false}
{"variant": "mock", "n": 1000, "viewport": "1280x800", "scale": 1, "op": "rotate", "frames": 613, "interval_median": 7.7, "rel_drop_ratio": 0.0033, "dropped": 0, "drop_ratio": 0.0, "work_p95": 3.5, "work_max": 4.5, "longtasks": 0, "ok": true}
{"variant": "mock", "n": 1000, "viewport": "1280x800", "scale": 1, "op": "press", "frames": 224, "interval_median": 7.8, "rel_drop_ratio": 0.433, "dropped": 45, "drop_ratio": 0.2009, "work_p95": 4.6, "work_max": 5.6, "longtasks": 24, "ok": false}
{"variant": "mock", "n": 1000, "viewport": "1280x800", "scale": 2, "op": "zoom", "frames": 25, "interval_median": 292.3, "rel_drop_ratio": 0.0, "dropped": 25, "drop_ratio": 1.0, "work_p95": 7.7, "work_max": 17, "longtasks": 27, "ok": false}
{"variant": "mock", "n": 1000, "viewport": "1280x800", "scale": 2, "op": "rotate", "frames": 24, "interval_median": 330.8, "rel_drop_ratio": 0.0, "dropped": 24, "drop_ratio": 1.0, "work_p95": 6.9, "work_max": 7.9, "longtasks": 26, "ok": false}
{"variant": "mock", "n": 1000, "viewport": "1280x800", "scale": 2, "op": "press", "frames": 19, "interval_median": 330.8, "rel_drop_ratio": 0.0, "dropped": 19, "drop_ratio": 1.0, "work_p95": 6.9, "work_max": 7.1, "longtasks": 21, "ok": false}
{"variant": "mock", "n": 1000, "viewport": "1920x1080", "scale": 1, "op": "zoom", "frames": 49, "interval_median": 92.3, "rel_drop_ratio": 0.2653, "dropped": 39, "drop_ratio": 0.7959, "work_p95": 7.2, "work_max": 18.2, "longtasks": 37, "ok": false}
{"variant": "mock", "n": 1000, "viewport": "1920x1080", "scale": 1, "op": "rotate", "frames": 56, "interval_median": 84.7, "rel_drop_ratio": 0.1786, "dropped": 50, "drop_ratio": 0.8929, "work_p95": 5.7, "work_max": 5.9, "longtasks": 47, "ok": false}
{"variant": "mock", "n": 1000, "viewport": "1920x1080", "scale": 1, "op": "press", "frames": 234, "interval_median": 7.7, "rel_drop_ratio": 0.2308, "dropped": 50, "drop_ratio": 0.2137, "work_p95": 4.9, "work_max": 7.1, "longtasks": 39, "ok": false}
{"variant": "mock", "n": 1000, "viewport": "1920x1080", "scale": 2, "op": "zoom", "frames": 25, "interval_median": 323.1, "rel_drop_ratio": 0.0, "dropped": 25, "drop_ratio": 1.0, "work_p95": 9.1, "work_max": 17.9, "longtasks": 26, "ok": false}
{"variant": "mock", "n": 1000, "viewport": "1920x1080", "scale": 2, "op": "rotate", "frames": 24, "interval_median": 326.9, "rel_drop_ratio": 0.0, "dropped": 24, "drop_ratio": 1.0, "work_p95": 6.2, "work_max": 6.3, "longtasks": 25, "ok": false}
{"variant": "mock", "n": 1000, "viewport": "1920x1080", "scale": 2, "op": "press", "frames": 51, "interval_median": 7.7, "rel_drop_ratio": 0.3922, "dropped": 19, "drop_ratio": 0.3725, "work_p95": 6.9, "work_max": 8.2, "longtasks": 20, "ok": false}
{"variant": "opt", "n": 67, "viewport": "1280x800", "scale": 1, "op": "zoom", "frames": 379, "interval_median": 15.3, "rel_drop_ratio": 0.0449, "dropped": 1, "drop_ratio": 0.0026, "work_p95": 0.3, "work_max": 0.4, "longtasks": 0, "ok": true}
{"variant": "opt", "n": 67, "viewport": "1280x800", "scale": 1, "op": "rotate", "frames": 464, "interval_median": 7.7, "rel_drop_ratio": 0.3039, "dropped": 0, "drop_ratio": 0.0, "work_p95": 0.3, "work_max": 0.7, "longtasks": 0, "ok": true}
{"variant": "opt", "n": 67, "viewport": "1280x800", "scale": 1, "op": "press", "frames": 538, "interval_median": 7.7, "rel_drop_ratio": 0.1171, "dropped": 1, "drop_ratio": 0.0019, "work_p95": 0.3, "work_max": 11.8, "longtasks": 0, "ok": true}
{"variant": "opt", "n": 67, "viewport": "1280x800", "scale": 2, "op": "zoom", "frames": 278, "interval_median": 15.4, "rel_drop_ratio": 0.205, "dropped": 15, "drop_ratio": 0.054, "work_p95": 0.4, "work_max": 0.7, "longtasks": 0, "ok": false}
{"variant": "opt", "n": 67, "viewport": "1280x800", "scale": 2, "op": "rotate", "frames": 308, "interval_median": 15.4, "rel_drop_ratio": 0.0714, "dropped": 6, "drop_ratio": 0.0195, "work_p95": 0.3, "work_max": 0.5, "longtasks": 0, "ok": false}
{"variant": "opt", "n": 67, "viewport": "1280x800", "scale": 2, "op": "press", "frames": 389, "interval_median": 7.8, "rel_drop_ratio": 0.4653, "dropped": 8, "drop_ratio": 0.0206, "work_p95": 0.4, "work_max": 10.2, "longtasks": 0, "ok": false}
{"variant": "opt", "n": 67, "viewport": "1920x1080", "scale": 1, "op": "zoom", "frames": 380, "interval_median": 8.55, "rel_drop_ratio": 0.4947, "dropped": 6, "drop_ratio": 0.0158, "work_p95": 0.3, "work_max": 0.5, "longtasks": 0, "ok": false}
{"variant": "opt", "n": 67, "viewport": "1920x1080", "scale": 1, "op": "rotate", "frames": 419, "interval_median": 7.8, "rel_drop_ratio": 0.4463, "dropped": 0, "drop_ratio": 0.0, "work_p95": 0.3, "work_max": 0.6, "longtasks": 0, "ok": true}
{"variant": "opt", "n": 67, "viewport": "1920x1080", "scale": 1, "op": "press", "frames": 555, "interval_median": 7.7, "rel_drop_ratio": 0.0595, "dropped": 5, "drop_ratio": 0.009, "work_p95": 0.4, "work_max": 11.2, "longtasks": 0, "ok": true}
{"variant": "opt", "n": 67, "viewport": "1920x1080", "scale": 2, "op": "zoom", "frames": 292, "interval_median": 15.4, "rel_drop_ratio": 0.1267, "dropped": 13, "drop_ratio": 0.0445, "work_p95": 0.3, "work_max": 0.5, "longtasks": 0, "ok": false}
{"variant": "opt", "n": 67, "viewport": "1920x1080", "scale": 2, "op": "rotate", "frames": 356, "interval_median": 15.3, "rel_drop_ratio": 0.0618, "dropped": 1, "drop_ratio": 0.0028, "work_p95": 0.3, "work_max": 0.5, "longtasks": 0, "ok": true}
{"variant": "opt", "n": 67, "viewport": "1920x1080", "scale": 2, "op": "press", "frames": 506, "interval_median": 7.7, "rel_drop_ratio": 0.1818, "dropped": 2, "drop_ratio": 0.004, "work_p95": 0.4, "work_max": 10.3, "longtasks": 0, "ok": true}
{"variant": "opt", "n": 150, "viewport": "1280x800", "scale": 1, "op": "zoom", "frames": 174, "interval_median": 30.7, "rel_drop_ratio": 0.0805, "dropped": 96, "drop_ratio": 0.5517, "work_p95": 0.6, "work_max": 1.6, "longtasks": 8, "ok": false}
{"variant": "opt", "n": 150, "viewport": "1280x800", "scale": 1, "op": "rotate", "frames": 165, "interval_median": 23.2, "rel_drop_ratio": 0.2061, "dropped": 81, "drop_ratio": 0.4909, "work_p95": 0.7, "work_max": 1, "longtasks": 4, "ok": false}
{"variant": "opt", "n": 150, "viewport": "1280x800", "scale": 1, "op": "press", "frames": 379, "interval_median": 7.7, "rel_drop_ratio": 0.3879, "dropped": 21, "drop_ratio": 0.0554, "work_p95": 0.6, "work_max": 0.8, "longtasks": 0, "ok": false}
{"variant": "opt", "n": 150, "viewport": "1280x800", "scale": 2, "op": "zoom", "frames": 113, "interval_median": 38.4, "rel_drop_ratio": 0.115, "dropped": 89, "drop_ratio": 0.7876, "work_p95": 0.7, "work_max": 1, "longtasks": 17, "ok": false}
{"variant": "opt", "n": 150, "viewport": "1280x800", "scale": 2, "op": "rotate", "frames": 132, "interval_median": 38.4, "rel_drop_ratio": 0.1061, "dropped": 125, "drop_ratio": 0.947, "work_p95": 0.6, "work_max": 0.7, "longtasks": 16, "ok": false}
{"variant": "opt", "n": 150, "viewport": "1280x800", "scale": 2, "op": "press", "frames": 123, "interval_median": 38.4, "rel_drop_ratio": 0.0976, "dropped": 113, "drop_ratio": 0.9187, "work_p95": 0.8, "work_max": 12.2, "longtasks": 21, "ok": false}
{"variant": "opt", "n": 150, "viewport": "1920x1080", "scale": 1, "op": "zoom", "frames": 184, "interval_median": 26.9, "rel_drop_ratio": 0.0543, "dropped": 92, "drop_ratio": 0.5, "work_p95": 0.6, "work_max": 0.9, "longtasks": 4, "ok": false}
{"variant": "opt", "n": 150, "viewport": "1920x1080", "scale": 1, "op": "rotate", "frames": 212, "interval_median": 23.1, "rel_drop_ratio": 0.0708, "dropped": 45, "drop_ratio": 0.2123, "work_p95": 0.6, "work_max": 12.2, "longtasks": 1, "ok": false}
{"variant": "opt", "n": 150, "viewport": "1920x1080", "scale": 1, "op": "press", "frames": 569, "interval_median": 7.7, "rel_drop_ratio": 0.0668, "dropped": 2, "drop_ratio": 0.0035, "work_p95": 0.6, "work_max": 0.9, "longtasks": 0, "ok": true}
{"variant": "opt", "n": 150, "viewport": "1920x1080", "scale": 2, "op": "zoom", "frames": 136, "interval_median": 38.4, "rel_drop_ratio": 0.1029, "dropped": 106, "drop_ratio": 0.7794, "work_p95": 0.6, "work_max": 0.8, "longtasks": 20, "ok": false}
{"variant": "opt", "n": 150, "viewport": "1920x1080", "scale": 2, "op": "rotate", "frames": 129, "interval_median": 38.4, "rel_drop_ratio": 0.1008, "dropped": 128, "drop_ratio": 0.9922, "work_p95": 0.6, "work_max": 0.8, "longtasks": 11, "ok": false}
{"variant": "opt", "n": 150, "viewport": "1920x1080", "scale": 2, "op": "press", "frames": 422, "interval_median": 7.7, "rel_drop_ratio": 0.2512, "dropped": 28, "drop_ratio": 0.0664, "work_p95": 0.6, "work_max": 11.4, "longtasks": 4, "ok": false}
{"variant": "opt", "n": 300, "viewport": "1280x800", "scale": 1, "op": "zoom", "frames": 90, "interval_median": 53.8, "rel_drop_ratio": 0.1778, "dropped": 71, "drop_ratio": 0.7889, "work_p95": 1.4, "work_max": 14.4, "longtasks": 46, "ok": false}
{"variant": "opt", "n": 300, "viewport": "1280x800", "scale": 1, "op": "rotate", "frames": 88, "interval_median": 53.9, "rel_drop_ratio": 0.1591, "dropped": 77, "drop_ratio": 0.875, "work_p95": 1.1, "work_max": 1.2, "longtasks": 64, "ok": false}
{"variant": "opt", "n": 300, "viewport": "1280x800", "scale": 1, "op": "press", "frames": 76, "interval_median": 53.9, "rel_drop_ratio": 0.2237, "dropped": 75, "drop_ratio": 0.9868, "work_p95": 1.6, "work_max": 1.8, "longtasks": 53, "ok": false}
{"variant": "opt", "n": 300, "viewport": "1280x800", "scale": 2, "op": "zoom", "frames": 79, "interval_median": 61.5, "rel_drop_ratio": 0.2532, "dropped": 66, "drop_ratio": 0.8354, "work_p95": 1.3, "work_max": 10.4, "longtasks": 55, "ok": false}
{"variant": "opt", "n": 300, "viewport": "1280x800", "scale": 2, "op": "rotate", "frames": 90, "interval_median": 53.8, "rel_drop_ratio": 0.1111, "dropped": 90, "drop_ratio": 1.0, "work_p95": 1.2, "work_max": 1.4, "longtasks": 59, "ok": false}
{"variant": "opt", "n": 300, "viewport": "1280x800", "scale": 2, "op": "press", "frames": 62, "interval_median": 69.3, "rel_drop_ratio": 0.2097, "dropped": 62, "drop_ratio": 1.0, "work_p95": 1.4, "work_max": 1.8, "longtasks": 56, "ok": false}
{"variant": "opt", "n": 300, "viewport": "1920x1080", "scale": 1, "op": "zoom", "frames": 105, "interval_median": 46.2, "rel_drop_ratio": 0.1143, "dropped": 88, "drop_ratio": 0.8381, "work_p95": 1.2, "work_max": 23.4, "longtasks": 37, "ok": false}
{"variant": "opt", "n": 300, "viewport": "1920x1080", "scale": 1, "op": "rotate", "frames": 106, "interval_median": 46.2, "rel_drop_ratio": 0.0943, "dropped": 92, "drop_ratio": 0.8679, "work_p95": 1.1, "work_max": 1.2, "longtasks": 36, "ok": false}
{"variant": "opt", "n": 300, "viewport": "1920x1080", "scale": 1, "op": "press", "frames": 352, "interval_median": 7.8, "rel_drop_ratio": 0.3977, "dropped": 29, "drop_ratio": 0.0824, "work_p95": 1.1, "work_max": 1.6, "longtasks": 7, "ok": false}
{"variant": "opt", "n": 300, "viewport": "1920x1080", "scale": 2, "op": "zoom", "frames": 77, "interval_median": 61.5, "rel_drop_ratio": 0.3506, "dropped": 65, "drop_ratio": 0.8442, "work_p95": 1.5, "work_max": 11.4, "longtasks": 59, "ok": false}
{"variant": "opt", "n": 300, "viewport": "1920x1080", "scale": 2, "op": "rotate", "frames": 69, "interval_median": 69.3, "rel_drop_ratio": 0.0145, "dropped": 67, "drop_ratio": 0.971, "work_p95": 1.1, "work_max": 1.2, "longtasks": 60, "ok": false}
{"variant": "opt", "n": 300, "viewport": "1920x1080", "scale": 2, "op": "press", "frames": 269, "interval_median": 7.7, "rel_drop_ratio": 0.2862, "dropped": 68, "drop_ratio": 0.2528, "work_p95": 1.2, "work_max": 1.7, "longtasks": 26, "ok": false}
{"variant": "opt", "n": 600, "viewport": "1280x800", "scale": 1, "op": "zoom", "frames": 85, "interval_median": 53.8, "rel_drop_ratio": 0.2353, "dropped": 71, "drop_ratio": 0.8353, "work_p95": 2.7, "work_max": 17.5, "longtasks": 49, "ok": false}
{"variant": "opt", "n": 600, "viewport": "1280x800", "scale": 1, "op": "rotate", "frames": 69, "interval_median": 69.2, "rel_drop_ratio": 0.1884, "dropped": 68, "drop_ratio": 0.9855, "work_p95": 3.3, "work_max": 3.8, "longtasks": 55, "ok": false}
{"variant": "opt", "n": 600, "viewport": "1280x800", "scale": 1, "op": "press", "frames": 60, "interval_median": 69.3, "rel_drop_ratio": 0.2833, "dropped": 60, "drop_ratio": 1.0, "work_p95": 2.7, "work_max": 3.1, "longtasks": 55, "ok": false}
{"variant": "opt", "n": 600, "viewport": "1280x800", "scale": 2, "op": "zoom", "frames": 40, "interval_median": 161.6, "rel_drop_ratio": 0.0, "dropped": 32, "drop_ratio": 0.8, "work_p95": 3.3, "work_max": 14.9, "longtasks": 31, "ok": false}
{"variant": "opt", "n": 600, "viewport": "1280x800", "scale": 2, "op": "rotate", "frames": 39, "interval_median": 161.6, "rel_drop_ratio": 0.0, "dropped": 39, "drop_ratio": 1.0, "work_p95": 2.7, "work_max": 3, "longtasks": 40, "ok": false}
{"variant": "opt", "n": 600, "viewport": "1280x800", "scale": 2, "op": "press", "frames": 34, "interval_median": 161.5, "rel_drop_ratio": 0.0, "dropped": 34, "drop_ratio": 1.0, "work_p95": 2.5, "work_max": 3.3, "longtasks": 35, "ok": false}
{"variant": "opt", "n": 600, "viewport": "1920x1080", "scale": 1, "op": "zoom", "frames": 65, "interval_median": 76.9, "rel_drop_ratio": 0.2154, "dropped": 52, "drop_ratio": 0.8, "work_p95": 2.7, "work_max": 16.7, "longtasks": 51, "ok": false}
{"variant": "opt", "n": 600, "viewport": "1920x1080", "scale": 1, "op": "rotate", "frames": 51, "interval_median": 100, "rel_drop_ratio": 0.1961, "dropped": 51, "drop_ratio": 1.0, "work_p95": 2.6, "work_max": 2.7, "longtasks": 52, "ok": false}
{"variant": "opt", "n": 600, "viewport": "1920x1080", "scale": 1, "op": "press", "frames": 217, "interval_median": 7.7, "rel_drop_ratio": 0.2903, "dropped": 52, "drop_ratio": 0.2396, "work_p95": 2.4, "work_max": 3, "longtasks": 41, "ok": false}
{"variant": "opt", "n": 600, "viewport": "1920x1080", "scale": 2, "op": "zoom", "frames": 40, "interval_median": 161.55, "rel_drop_ratio": 0.0, "dropped": 35, "drop_ratio": 0.875, "work_p95": 3.3, "work_max": 15.6, "longtasks": 32, "ok": false}
{"variant": "opt", "n": 600, "viewport": "1920x1080", "scale": 2, "op": "rotate", "frames": 39, "interval_median": 161.6, "rel_drop_ratio": 0.0, "dropped": 39, "drop_ratio": 1.0, "work_p95": 2.3, "work_max": 2.4, "longtasks": 40, "ok": false}
{"variant": "opt", "n": 600, "viewport": "1920x1080", "scale": 2, "op": "press", "frames": 194, "interval_median": 7.7, "rel_drop_ratio": 0.1804, "dropped": 31, "drop_ratio": 0.1598, "work_p95": 2.5, "work_max": 3, "longtasks": 31, "ok": false}
{"variant": "opt", "n": 1000, "viewport": "1280x800", "scale": 1, "op": "zoom", "frames": 43, "interval_median": 92.4, "rel_drop_ratio": 0.4884, "dropped": 33, "drop_ratio": 0.7674, "work_p95": 5.9, "work_max": 21.6, "longtasks": 31, "ok": false}
{"variant": "opt", "n": 1000, "viewport": "1280x800", "scale": 1, "op": "rotate", "frames": 33, "interval_median": 200, "rel_drop_ratio": 0.0, "dropped": 33, "drop_ratio": 1.0, "work_p95": 4.6, "work_max": 4.6, "longtasks": 34, "ok": false}
{"variant": "opt", "n": 1000, "viewport": "1280x800", "scale": 1, "op": "press", "frames": 28, "interval_median": 207.65, "rel_drop_ratio": 0.0, "dropped": 28, "drop_ratio": 1.0, "work_p95": 4.8, "work_max": 5.4, "longtasks": 30, "ok": false}
{"variant": "opt", "n": 1000, "viewport": "1280x800", "scale": 2, "op": "zoom", "frames": 25, "interval_median": 292.2, "rel_drop_ratio": 0.0, "dropped": 25, "drop_ratio": 1.0, "work_p95": 7.2, "work_max": 17.4, "longtasks": 26, "ok": false}
{"variant": "opt", "n": 1000, "viewport": "1280x800", "scale": 2, "op": "rotate", "frames": 36, "interval_median": 169.3, "rel_drop_ratio": 0.0278, "dropped": 36, "drop_ratio": 1.0, "work_p95": 4.7, "work_max": 4.9, "longtasks": 38, "ok": false}
{"variant": "opt", "n": 1000, "viewport": "1280x800", "scale": 2, "op": "press", "frames": 30, "interval_median": 192.35, "rel_drop_ratio": 0.0, "dropped": 30, "drop_ratio": 1.0, "work_p95": 6.4, "work_max": 6.4, "longtasks": 32, "ok": false}
{"variant": "opt", "n": 1000, "viewport": "1920x1080", "scale": 1, "op": "zoom", "frames": 36, "interval_median": 192.3, "rel_drop_ratio": 0.0278, "dropped": 27, "drop_ratio": 0.75, "work_p95": 8.5, "work_max": 20.9, "longtasks": 25, "ok": false}
{"variant": "opt", "n": 1000, "viewport": "1920x1080", "scale": 1, "op": "rotate", "frames": 33, "interval_median": 207.7, "rel_drop_ratio": 0.0, "dropped": 33, "drop_ratio": 1.0, "work_p95": 5.4, "work_max": 5.5, "longtasks": 34, "ok": false}
{"variant": "opt", "n": 1000, "viewport": "1920x1080", "scale": 1, "op": "press", "frames": 168, "interval_median": 7.7, "rel_drop_ratio": 0.244, "dropped": 34, "drop_ratio": 0.2024, "work_p95": 4.7, "work_max": 5.8, "longtasks": 27, "ok": false}
{"variant": "opt", "n": 1000, "viewport": "1920x1080", "scale": 2, "op": "zoom", "frames": 25, "interval_median": 323.1, "rel_drop_ratio": 0.0, "dropped": 25, "drop_ratio": 1.0, "work_p95": 6.7, "work_max": 13.9, "longtasks": 26, "ok": false}
{"variant": "opt", "n": 1000, "viewport": "1920x1080", "scale": 2, "op": "rotate", "frames": 24, "interval_median": 323.05, "rel_drop_ratio": 0.0, "dropped": 24, "drop_ratio": 1.0, "work_p95": 4.5, "work_max": 5.6, "longtasks": 26, "ok": false}
{"variant": "opt", "n": 1000, "viewport": "1920x1080", "scale": 2, "op": "press", "frames": 20, "interval_median": 327.0, "rel_drop_ratio": 0.0, "dropped": 20, "drop_ratio": 1.0, "work_p95": 5, "work_max": 5, "longtasks": 21, "ok": false}
{"variant": "opt-each-bitmap", "n": 67, "viewport": "1280x800", "scale": 1, "op": "zoom", "frames": 617, "interval_median": 7.7, "rel_drop_ratio": 0.0032, "dropped": 0, "drop_ratio": 0.0, "work_p95": 0.3, "work_max": 0.5, "longtasks": 0, "ok": true}
{"variant": "opt-each-bitmap", "n": 67, "viewport": "1280x800", "scale": 1, "op": "rotate", "frames": 613, "interval_median": 7.7, "rel_drop_ratio": 0.0033, "dropped": 0, "drop_ratio": 0.0, "work_p95": 0.2, "work_max": 10.8, "longtasks": 0, "ok": true}
{"variant": "opt-each-bitmap", "n": 67, "viewport": "1280x800", "scale": 1, "op": "press", "frames": 607, "interval_median": 7.7, "rel_drop_ratio": 0.0082, "dropped": 0, "drop_ratio": 0.0, "work_p95": 0.3, "work_max": 2.4, "longtasks": 0, "ok": true}
{"variant": "opt-each-bitmap", "n": 67, "viewport": "1280x800", "scale": 2, "op": "zoom", "frames": 616, "interval_median": 7.7, "rel_drop_ratio": 0.0049, "dropped": 0, "drop_ratio": 0.0, "work_p95": 0.3, "work_max": 0.7, "longtasks": 0, "ok": true}
{"variant": "opt-each-bitmap", "n": 67, "viewport": "1280x800", "scale": 2, "op": "rotate", "frames": 610, "interval_median": 7.7, "rel_drop_ratio": 0.0049, "dropped": 0, "drop_ratio": 0.0, "work_p95": 0.3, "work_max": 0.5, "longtasks": 0, "ok": true}
{"variant": "opt-each-bitmap", "n": 67, "viewport": "1280x800", "scale": 2, "op": "press", "frames": 606, "interval_median": 7.7, "rel_drop_ratio": 0.0033, "dropped": 0, "drop_ratio": 0.0, "work_p95": 0.3, "work_max": 11.4, "longtasks": 0, "ok": true}
{"variant": "opt-each-bitmap", "n": 67, "viewport": "1920x1080", "scale": 1, "op": "zoom", "frames": 614, "interval_median": 7.7, "rel_drop_ratio": 0.0049, "dropped": 0, "drop_ratio": 0.0, "work_p95": 0.2, "work_max": 0.9, "longtasks": 0, "ok": true}
{"variant": "opt-each-bitmap", "n": 67, "viewport": "1920x1080", "scale": 1, "op": "rotate", "frames": 611, "interval_median": 7.7, "rel_drop_ratio": 0.0016, "dropped": 0, "drop_ratio": 0.0, "work_p95": 0.2, "work_max": 0.4, "longtasks": 0, "ok": true}
{"variant": "opt-each-bitmap", "n": 67, "viewport": "1920x1080", "scale": 1, "op": "press", "frames": 605, "interval_median": 7.7, "rel_drop_ratio": 0.0066, "dropped": 0, "drop_ratio": 0.0, "work_p95": 0.3, "work_max": 10.7, "longtasks": 0, "ok": true}
{"variant": "opt-each-bitmap", "n": 67, "viewport": "1920x1080", "scale": 2, "op": "zoom", "frames": 610, "interval_median": 7.7, "rel_drop_ratio": 0.0049, "dropped": 0, "drop_ratio": 0.0, "work_p95": 0.3, "work_max": 0.6, "longtasks": 0, "ok": true}
{"variant": "opt-each-bitmap", "n": 67, "viewport": "1920x1080", "scale": 2, "op": "rotate", "frames": 610, "interval_median": 7.7, "rel_drop_ratio": 0.0082, "dropped": 0, "drop_ratio": 0.0, "work_p95": 0.3, "work_max": 0.4, "longtasks": 0, "ok": true}
{"variant": "opt-each-bitmap", "n": 67, "viewport": "1920x1080", "scale": 2, "op": "press", "frames": 604, "interval_median": 7.7, "rel_drop_ratio": 0.0083, "dropped": 0, "drop_ratio": 0.0, "work_p95": 0.3, "work_max": 11.7, "longtasks": 0, "ok": true}
{"variant": "opt-each-bitmap", "n": 150, "viewport": "1280x800", "scale": 1, "op": "zoom", "frames": 612, "interval_median": 7.7, "rel_drop_ratio": 0.0033, "dropped": 0, "drop_ratio": 0.0, "work_p95": 0.5, "work_max": 1, "longtasks": 0, "ok": true}
{"variant": "opt-each-bitmap", "n": 150, "viewport": "1280x800", "scale": 1, "op": "rotate", "frames": 613, "interval_median": 7.7, "rel_drop_ratio": 0.0049, "dropped": 0, "drop_ratio": 0.0, "work_p95": 0.5, "work_max": 0.8, "longtasks": 0, "ok": true}
{"variant": "opt-each-bitmap", "n": 150, "viewport": "1280x800", "scale": 1, "op": "press", "frames": 608, "interval_median": 7.7, "rel_drop_ratio": 0.0033, "dropped": 0, "drop_ratio": 0.0, "work_p95": 0.6, "work_max": 13.4, "longtasks": 0, "ok": true}
{"variant": "opt-each-bitmap", "n": 150, "viewport": "1280x800", "scale": 2, "op": "zoom", "frames": 614, "interval_median": 7.7, "rel_drop_ratio": 0.0049, "dropped": 0, "drop_ratio": 0.0, "work_p95": 0.5, "work_max": 0.9, "longtasks": 0, "ok": true}
{"variant": "opt-each-bitmap", "n": 150, "viewport": "1280x800", "scale": 2, "op": "rotate", "frames": 609, "interval_median": 7.7, "rel_drop_ratio": 0.0066, "dropped": 0, "drop_ratio": 0.0, "work_p95": 0.5, "work_max": 0.8, "longtasks": 0, "ok": true}
{"variant": "opt-each-bitmap", "n": 150, "viewport": "1280x800", "scale": 2, "op": "press", "frames": 604, "interval_median": 7.7, "rel_drop_ratio": 0.0033, "dropped": 1, "drop_ratio": 0.0017, "work_p95": 0.6, "work_max": 14, "longtasks": 0, "ok": true}
{"variant": "opt-each-bitmap", "n": 150, "viewport": "1920x1080", "scale": 1, "op": "zoom", "frames": 607, "interval_median": 7.7, "rel_drop_ratio": 0.0082, "dropped": 0, "drop_ratio": 0.0, "work_p95": 0.6, "work_max": 1.1, "longtasks": 0, "ok": true}
{"variant": "opt-each-bitmap", "n": 150, "viewport": "1920x1080", "scale": 1, "op": "rotate", "frames": 608, "interval_median": 7.7, "rel_drop_ratio": 0.0066, "dropped": 0, "drop_ratio": 0.0, "work_p95": 0.6, "work_max": 0.8, "longtasks": 0, "ok": true}
{"variant": "opt-each-bitmap", "n": 150, "viewport": "1920x1080", "scale": 1, "op": "press", "frames": 606, "interval_median": 7.7, "rel_drop_ratio": 0.005, "dropped": 0, "drop_ratio": 0.0, "work_p95": 0.6, "work_max": 14.8, "longtasks": 0, "ok": true}
{"variant": "opt-each-bitmap", "n": 150, "viewport": "1920x1080", "scale": 2, "op": "zoom", "frames": 603, "interval_median": 7.7, "rel_drop_ratio": 0.0083, "dropped": 2, "drop_ratio": 0.0033, "work_p95": 0.6, "work_max": 1, "longtasks": 0, "ok": true}
{"variant": "opt-each-bitmap", "n": 150, "viewport": "1920x1080", "scale": 2, "op": "rotate", "frames": 609, "interval_median": 7.7, "rel_drop_ratio": 0.0082, "dropped": 0, "drop_ratio": 0.0, "work_p95": 0.5, "work_max": 0.9, "longtasks": 0, "ok": true}
{"variant": "opt-each-bitmap", "n": 150, "viewport": "1920x1080", "scale": 2, "op": "press", "frames": 605, "interval_median": 7.7, "rel_drop_ratio": 0.0066, "dropped": 0, "drop_ratio": 0.0, "work_p95": 0.6, "work_max": 12.4, "longtasks": 0, "ok": true}
{"variant": "opt-each-bitmap", "n": 300, "viewport": "1280x800", "scale": 1, "op": "zoom", "frames": 603, "interval_median": 7.7, "rel_drop_ratio": 0.01, "dropped": 1, "drop_ratio": 0.0017, "work_p95": 1.4, "work_max": 18.8, "longtasks": 0, "ok": true}
{"variant": "opt-each-bitmap", "n": 300, "viewport": "1280x800", "scale": 1, "op": "rotate", "frames": 608, "interval_median": 7.7, "rel_drop_ratio": 0.0033, "dropped": 0, "drop_ratio": 0.0, "work_p95": 0.9, "work_max": 1.6, "longtasks": 0, "ok": true}
{"variant": "opt-each-bitmap", "n": 300, "viewport": "1280x800", "scale": 1, "op": "press", "frames": 607, "interval_median": 7.7, "rel_drop_ratio": 0.0049, "dropped": 0, "drop_ratio": 0.0, "work_p95": 1.1, "work_max": 1.4, "longtasks": 0, "ok": true}
{"variant": "opt-each-bitmap", "n": 300, "viewport": "1280x800", "scale": 2, "op": "zoom", "frames": 612, "interval_median": 7.7, "rel_drop_ratio": 0.0033, "dropped": 0, "drop_ratio": 0.0, "work_p95": 1.2, "work_max": 15.6, "longtasks": 0, "ok": true}
{"variant": "opt-each-bitmap", "n": 300, "viewport": "1280x800", "scale": 2, "op": "rotate", "frames": 607, "interval_median": 7.7, "rel_drop_ratio": 0.0066, "dropped": 1, "drop_ratio": 0.0016, "work_p95": 1.5, "work_max": 8.9, "longtasks": 0, "ok": true}
{"variant": "opt-each-bitmap", "n": 300, "viewport": "1280x800", "scale": 2, "op": "press", "frames": 604, "interval_median": 7.7, "rel_drop_ratio": 0.0083, "dropped": 0, "drop_ratio": 0.0, "work_p95": 1.3, "work_max": 2.1, "longtasks": 0, "ok": true}
{"variant": "opt-each-bitmap", "n": 300, "viewport": "1920x1080", "scale": 1, "op": "zoom", "frames": 607, "interval_median": 7.7, "rel_drop_ratio": 0.0099, "dropped": 0, "drop_ratio": 0.0, "work_p95": 1.1, "work_max": 15, "longtasks": 0, "ok": true}
{"variant": "opt-each-bitmap", "n": 300, "viewport": "1920x1080", "scale": 1, "op": "rotate", "frames": 604, "interval_median": 7.7, "rel_drop_ratio": 0.0083, "dropped": 0, "drop_ratio": 0.0, "work_p95": 1, "work_max": 9.8, "longtasks": 0, "ok": true}
{"variant": "opt-each-bitmap", "n": 300, "viewport": "1920x1080", "scale": 1, "op": "press", "frames": 605, "interval_median": 7.7, "rel_drop_ratio": 0.0017, "dropped": 0, "drop_ratio": 0.0, "work_p95": 1, "work_max": 1.8, "longtasks": 0, "ok": true}
{"variant": "opt-each-bitmap", "n": 300, "viewport": "1920x1080", "scale": 2, "op": "zoom", "frames": 612, "interval_median": 7.7, "rel_drop_ratio": 0.0065, "dropped": 1, "drop_ratio": 0.0016, "work_p95": 1.1, "work_max": 16.4, "longtasks": 0, "ok": true}
{"variant": "opt-each-bitmap", "n": 300, "viewport": "1920x1080", "scale": 2, "op": "rotate", "frames": 612, "interval_median": 7.7, "rel_drop_ratio": 0.0049, "dropped": 0, "drop_ratio": 0.0, "work_p95": 0.9, "work_max": 13.8, "longtasks": 0, "ok": true}
{"variant": "opt-each-bitmap", "n": 300, "viewport": "1920x1080", "scale": 2, "op": "press", "frames": 601, "interval_median": 7.7, "rel_drop_ratio": 0.0083, "dropped": 1, "drop_ratio": 0.0017, "work_p95": 1.1, "work_max": 13.1, "longtasks": 0, "ok": true}
{"variant": "opt-each-bitmap", "n": 600, "viewport": "1280x800", "scale": 1, "op": "zoom", "frames": 611, "interval_median": 7.7, "rel_drop_ratio": 0.0098, "dropped": 0, "drop_ratio": 0.0, "work_p95": 2.6, "work_max": 16, "longtasks": 0, "ok": true}
{"variant": "opt-each-bitmap", "n": 600, "viewport": "1280x800", "scale": 1, "op": "rotate", "frames": 606, "interval_median": 7.7, "rel_drop_ratio": 0.0083, "dropped": 0, "drop_ratio": 0.0, "work_p95": 2.4, "work_max": 3, "longtasks": 0, "ok": true}
{"variant": "opt-each-bitmap", "n": 600, "viewport": "1280x800", "scale": 1, "op": "press", "frames": 602, "interval_median": 7.7, "rel_drop_ratio": 0.0066, "dropped": 0, "drop_ratio": 0.0, "work_p95": 2.5, "work_max": 3.1, "longtasks": 0, "ok": true}
{"variant": "opt-each-bitmap", "n": 600, "viewport": "1280x800", "scale": 2, "op": "zoom", "frames": 609, "interval_median": 7.7, "rel_drop_ratio": 0.0115, "dropped": 0, "drop_ratio": 0.0, "work_p95": 2.8, "work_max": 17.5, "longtasks": 0, "ok": true}
{"variant": "opt-each-bitmap", "n": 600, "viewport": "1280x800", "scale": 2, "op": "rotate", "frames": 611, "interval_median": 7.7, "rel_drop_ratio": 0.0049, "dropped": 0, "drop_ratio": 0.0, "work_p95": 2.4, "work_max": 3.2, "longtasks": 0, "ok": true}
{"variant": "opt-each-bitmap", "n": 600, "viewport": "1280x800", "scale": 2, "op": "press", "frames": 610, "interval_median": 7.7, "rel_drop_ratio": 0.0016, "dropped": 0, "drop_ratio": 0.0, "work_p95": 2.6, "work_max": 3.9, "longtasks": 0, "ok": true}
{"variant": "opt-each-bitmap", "n": 600, "viewport": "1920x1080", "scale": 1, "op": "zoom", "frames": 615, "interval_median": 7.7, "rel_drop_ratio": 0.0049, "dropped": 0, "drop_ratio": 0.0, "work_p95": 2.5, "work_max": 17, "longtasks": 0, "ok": true}
{"variant": "opt-each-bitmap", "n": 600, "viewport": "1920x1080", "scale": 1, "op": "rotate", "frames": 603, "interval_median": 7.7, "rel_drop_ratio": 0.0083, "dropped": 1, "drop_ratio": 0.0017, "work_p95": 2.3, "work_max": 3.3, "longtasks": 0, "ok": true}
{"variant": "opt-each-bitmap", "n": 600, "viewport": "1920x1080", "scale": 1, "op": "press", "frames": 603, "interval_median": 7.7, "rel_drop_ratio": 0.0083, "dropped": 0, "drop_ratio": 0.0, "work_p95": 2.4, "work_max": 2.9, "longtasks": 0, "ok": true}
{"variant": "opt-each-bitmap", "n": 600, "viewport": "1920x1080", "scale": 2, "op": "zoom", "frames": 615, "interval_median": 7.7, "rel_drop_ratio": 0.0081, "dropped": 0, "drop_ratio": 0.0, "work_p95": 2.6, "work_max": 16.2, "longtasks": 0, "ok": true}
{"variant": "opt-each-bitmap", "n": 600, "viewport": "1920x1080", "scale": 2, "op": "rotate", "frames": 611, "interval_median": 7.7, "rel_drop_ratio": 0.0065, "dropped": 0, "drop_ratio": 0.0, "work_p95": 2.5, "work_max": 3.4, "longtasks": 0, "ok": true}
{"variant": "opt-each-bitmap", "n": 600, "viewport": "1920x1080", "scale": 2, "op": "press", "frames": 580, "interval_median": 7.7, "rel_drop_ratio": 0.0155, "dropped": 3, "drop_ratio": 0.0052, "work_p95": 2.4, "work_max": 4.9, "longtasks": 0, "ok": true}
{"variant": "opt-each-bitmap", "n": 1000, "viewport": "1280x800", "scale": 1, "op": "zoom", "frames": 609, "interval_median": 7.7, "rel_drop_ratio": 0.0066, "dropped": 0, "drop_ratio": 0.0, "work_p95": 5, "work_max": 16.2, "longtasks": 0, "ok": true}
{"variant": "opt-each-bitmap", "n": 1000, "viewport": "1280x800", "scale": 1, "op": "rotate", "frames": 608, "interval_median": 7.7, "rel_drop_ratio": 0.0082, "dropped": 0, "drop_ratio": 0.0, "work_p95": 3.9, "work_max": 13.3, "longtasks": 0, "ok": true}
{"variant": "opt-each-bitmap", "n": 1000, "viewport": "1280x800", "scale": 1, "op": "press", "frames": 606, "interval_median": 7.7, "rel_drop_ratio": 0.0083, "dropped": 0, "drop_ratio": 0.0, "work_p95": 4.9, "work_max": 6.7, "longtasks": 0, "ok": true}
{"variant": "opt-each-bitmap", "n": 1000, "viewport": "1280x800", "scale": 2, "op": "zoom", "frames": 607, "interval_median": 7.7, "rel_drop_ratio": 0.0115, "dropped": 0, "drop_ratio": 0.0, "work_p95": 4.6, "work_max": 16, "longtasks": 0, "ok": true}
{"variant": "opt-each-bitmap", "n": 1000, "viewport": "1280x800", "scale": 2, "op": "rotate", "frames": 611, "interval_median": 7.7, "rel_drop_ratio": 0.0049, "dropped": 0, "drop_ratio": 0.0, "work_p95": 3.9, "work_max": 12.2, "longtasks": 0, "ok": true}
{"variant": "opt-each-bitmap", "n": 1000, "viewport": "1280x800", "scale": 2, "op": "press", "frames": 608, "interval_median": 7.7, "rel_drop_ratio": 0.0066, "dropped": 0, "drop_ratio": 0.0, "work_p95": 4.6, "work_max": 6.2, "longtasks": 0, "ok": true}
{"variant": "opt-each-bitmap", "n": 1000, "viewport": "1920x1080", "scale": 1, "op": "zoom", "frames": 612, "interval_median": 7.7, "rel_drop_ratio": 0.0098, "dropped": 0, "drop_ratio": 0.0, "work_p95": 4.2, "work_max": 16.5, "longtasks": 0, "ok": true}
{"variant": "opt-each-bitmap", "n": 1000, "viewport": "1920x1080", "scale": 1, "op": "rotate", "frames": 610, "interval_median": 7.7, "rel_drop_ratio": 0.0049, "dropped": 0, "drop_ratio": 0.0, "work_p95": 3.9, "work_max": 13.5, "longtasks": 0, "ok": true}
{"variant": "opt-each-bitmap", "n": 1000, "viewport": "1920x1080", "scale": 1, "op": "press", "frames": 608, "interval_median": 7.7, "rel_drop_ratio": 0.0033, "dropped": 0, "drop_ratio": 0.0, "work_p95": 4.1, "work_max": 11.8, "longtasks": 0, "ok": true}
{"variant": "opt-each-bitmap", "n": 1000, "viewport": "1920x1080", "scale": 2, "op": "zoom", "frames": 608, "interval_median": 7.7, "rel_drop_ratio": 0.0082, "dropped": 0, "drop_ratio": 0.0, "work_p95": 4.5, "work_max": 17.7, "longtasks": 0, "ok": true}
{"variant": "opt-each-bitmap", "n": 1000, "viewport": "1920x1080", "scale": 2, "op": "rotate", "frames": 613, "interval_median": 7.7, "rel_drop_ratio": 0.0016, "dropped": 0, "drop_ratio": 0.0, "work_p95": 3.7, "work_max": 5.1, "longtasks": 0, "ok": true}
{"variant": "opt-each-bitmap", "n": 1000, "viewport": "1920x1080", "scale": 2, "op": "press", "frames": 607, "interval_median": 7.7, "rel_drop_ratio": 0.0033, "dropped": 0, "drop_ratio": 0.0, "work_p95": 4.3, "work_max": 12.6, "longtasks": 0, "ok": true}
